../Core/Src/lcd/display.c:22:27:disp_get_buf_addr	16	static
../Core/Src/lcd/display.c:33:20:disp_set_N_contam	24	static
../Core/Src/lcd/display.c:45:6:disp_init	8	static
../Core/Src/lcd/display.c:52:6:disp_print_i	48	static
../Core/Src/lcd/display.c:80:6:disp_print_f	40	static
../Core/Src/lcd/display.c:85:6:disp_print_s	40	static
../Core/Src/lcd/display.c:96:6:disp_update	24	static
../Core/Src/lcd/display.c:117:6:disp_page	40	static
../Core/Src/lcd/display.c:140:13:disp_set_page	16	static
../Core/Src/lcd/display.c:142:6:disp_clear	8	static
../Core/Src/lcd/display.c:144:6:display_task	24	static
