../Core/Src/lcd/lcd.c:15:6:Delay	16	static
../Core/Src/lcd/lcd.c:20:6:LCD_INIT	24	static
../Core/Src/lcd/lcd.c:29:6:LCD_Rst	8	static
../Core/Src/lcd/lcd.c:37:20:LCD_BackLed_Control	16	static
../Core/Src/lcd/lcd.c:45:20:LCD_Write_Cmd	16	static
../Core/Src/lcd/lcd.c:48:20:LCD_Write_Data	16	static
../Core/Src/lcd/lcd.c:51:24:LCD_Read_Data	4	static
../Core/Src/lcd/lcd.c:54:6:LCD_REG_Config	192	static
../Core/Src/lcd/lcd.c:214:6:LCD_OpenWindow	40	static
../Core/Src/lcd/lcd.c:229:6:LCD_FillColor	24	static
../Core/Src/lcd/lcd.c:240:6:LCD_Clear	24	static
../Core/Src/lcd/lcd.c:246:10:LCD_Read_PixelData	16	static
../Core/Src/lcd/lcd.c:262:10:LCD_GetPointPixel	24	static
../Core/Src/lcd/lcd.c:273:6:LCD_DrawLine	64	static
../Core/Src/lcd/lcd.c:336:6:LCD_DrawChar	32	static
../Core/Src/lcd/lcd.c:362:6:LCD_DrawString	16	static
../Core/Src/lcd/lcd.c:383:6:LCD_DrawStringN	24	static
../Core/Src/lcd/lcd.c:404:6:LCD_DrawDot	16	static
../Core/Src/lcd/lcd.c:413:6:LCD_DrawEllipse	112	static
