../Core/Src/lcd/lcd.c:13:6:Delay	16	static
../Core/Src/lcd/lcd.c:15:6:LCD_INIT	24	static
../Core/Src/lcd/lcd.c:25:6:LCD_Rst	8	static
../Core/Src/lcd/lcd.c:34:20:LCD_BackLed_Control	16	static
../Core/Src/lcd/lcd.c:45:20:LCD_Write_Cmd	16	static
../Core/Src/lcd/lcd.c:53:20:LCD_Write_Data	16	static
../Core/Src/lcd/lcd.c:61:24:LCD_Read_Data	4	static
../Core/Src/lcd/lcd.c:67:6:LCD_REG_Config	192	static
../Core/Src/lcd/lcd.c:231:6:LCD_OpenWindow	40	static
../Core/Src/lcd/lcd.c:248:6:LCD_FillColor	24	static
../Core/Src/lcd/lcd.c:263:6:LCD_Clear	24	static
../Core/Src/lcd/lcd.c:272:10:LCD_Read_PixelData	16	static
../Core/Src/lcd/lcd.c:292:10:LCD_GetPointPixel	24	static
../Core/Src/lcd/lcd.c:306:6:LCD_DrawLine	64	static
../Core/Src/lcd/lcd.c:378:6:LCD_DrawChar	32	static
../Core/Src/lcd/lcd.c:412:6:LCD_DrawString	16	static
../Core/Src/lcd/lcd.c:439:6:LCD_DrawStringN	24	static
../Core/Src/lcd/lcd.c:466:6:LCD_DrawDot	16	static
../Core/Src/lcd/lcd.c:476:6:LCD_DrawEllipse	112	static
